== git ==
/home/dzakwanpf/mcsos
79e391d
?? evidence/m9/

== tools ==
Ubuntu clang version 21.1.8 (6ubuntu1)
Target: x86_64-pc-linux-gnu
Thread model: posix
InstalledDir: /usr/lib/llvm-21/bin
gcc (Ubuntu 15.2.0-16ubuntu1) 15.2.0
Ubuntu LLD 21.1.8 (compatible with GNU linkers)
GNU Make 4.4.1
QEMU emulator version 10.2.1 (Debian 1:10.2.1+ds-1ubuntu3)
Copyright (c) 2003-2025 Fabrice Bellard and the QEMU Project developers
GNU gdb (Ubuntu 17.1-2ubuntu1) 17.1

== previous artifacts ==
build/kernel.elf
build/kernel.map
build/m8/qemu_m8.log
build/mcsos.iso
evidence/M3/kernel.disasm.txt
evidence/M3/kernel.readelf.header.txt
evidence/M3/kernel.readelf.programs.txt
evidence/M3/kernel.syms.txt
evidence/M3/m3_serial.log
evidence/M3/manifest.txt
evidence/m5-qemu.log
evidence/m9/preflight_m9.log
